[thesoilswap.com/index.html]
[backblue.gif]
[fade.gif]
[index.html]
[thesoilswap.com/assets/tsv/images/favicon.png]
[thesoilswap.com/assets/tsv/css/bootstrap.min0ff5.css]
[thesoilswap.com/assets/tsv/css/style0ff5.css]
[thesoilswap.com/assets/tsv/css/responsive0ff5.css]
[thesoilswap.com/assets/tsv/fonts/stylesheet0ff5.css]
[thesoilswap.com/assets/tsv/css/font-awesome.min0ff5.css]
[thesoilswap.com/assets/tsv/css/loader0ff5.css]
[cdnjs.cloudflare.com/ajax/libs/toastr.js/latest/toastr.css]
[cdnjs.cloudflare.com/ajax/libs/sweetalert/1.1.3/sweetalert.min.css]
[cdnjs.cloudflare.com/ajax/libs/intl-tel-input/17.0.13/css/intlTelInput.css]
[thesoilswap.com/assets/tsv/images/loader.png]
[thesoilswap.com/assets/tsv/images/home_left_img_vector.png]
[thesoilswap.com/assets/tsv/images/home_left_img.png]
[thesoilswap.com/assets/tsv/images/f-logo.png]
[thesoilswap.com/assets/tsv/images/instagram_w.png]
[thesoilswap.com/assets/tsv/images/instagram.png]
[thesoilswap.com/assets/tsv/images/facebook_w.png]
[thesoilswap.com/assets/tsv/images/facebook.png]
[thesoilswap.com/assets/tsv/images/twitter_w.png]
[thesoilswap.com/assets/tsv/images/twitter.png]
[thesoilswap.com/assets/tsv/images/telegram_w.png]
[thesoilswap.com/assets/tsv/images/telegram.png]
[thesoilswap.com/assets/tsv/js/jquery.min0ff5.js]
[thesoilswap.com/assets/tsv/js/bootstrap.bundle.min0ff5.js]
[thesoilswap.com/assets/tsv/js/main0ff5.js]
[thesoilswap.com/assets/tsv/js/loader0ff5.js]
[cdnjs.cloudflare.com/ajax/libs/toastr.js/latest/toastr.min.js]
[thesoilswap.com/index.html]
[thesoilswap.com/assets/tsv/css/bootstrap.min0ff5.css]
[thesoilswap.com/assets/tsv/images/home_banner.png]
[cdnjs.cloudflare.com/ajax/libs/bootstrap-validator/0.5.3/js/bootstrapValidator.js]
[thesoilswap.com/assets/js/jquery-guard@1.10ff5.js]
[thesoilswap.com/assets/tsv/images/why_choose_overlay_bg.png]
[thesoilswap.com/assets/tsv/images/soil_bg.png]
[thesoilswap.com/assets/tsv/images/metaverse_bg.png]
[thesoilswap.com/assets/tsv/images/investors_bg.png]
[thesoilswap.com/assets/tsv/images/explore_lands_bg.png]
[thesoilswap.com/assets/tsv/images/explore_lands_card_bg.png]
[thesoilswap.com/assets/tsv/images/why_choose_overlay_bottom_bg.png]
[thesoilswap.com/assets/tsv/images/future_bg.png]
[thesoilswap.com/assets/tsv/images/contact_us_bg.png]
[thesoilswap.com/assets/tsv/images/footer_bg.png]
[thesoilswap.com/assets/tsv/css/style0ff5.css]
[thesoilswap.com/assets/tsv/css/responsive0ff5.css]
[thesoilswap.com/assets/tsv/fonts/stylesheet0ff5.css]
[thesoilswap.com/assets/tsv/css/font-awesome.min0ff5.css]
[thesoilswap.com/assets/tsv/css/loader0ff5.css]
[cdnjs.cloudflare.com/ajax/libs/toastr.js/latest/toastr.css]
[cdnjs.cloudflare.com/ajax/libs/sweetalert/1.1.3/sweetalert.min.css]
[cdnjs.cloudflare.com/ajax/libs/intl-tel-input/17.0.13/css/intlTelInput.css]
[thesoilswap.com/assets/tsv/images/listing_bg.html]
[thesoilswap.com/assets/tsv/images/bottom_icon.html]
[thesoilswap.com/assets/tsv/images/policy_bg.html]
[thesoilswap.com/assets/tsv/images/terms_bg.html]
[thesoilswap.com/assets/tsv/images/governance_bg.html]
[thesoilswap.com/assets/tsv/images/governance_banner_bg.html]
[thesoilswap.com/assets/tsv/fonts/Roboto-BlackItalic.html]
[thesoilswap.com/assets/tsv/fonts/Roboto-BlackItalicd41d.html]
[thesoilswap.com/assets/tsv/fonts/Roboto-BlackItalic-2.html]
[thesoilswap.com/assets/tsv/fonts/Roboto-BlackItalic-3.html]
[thesoilswap.com/assets/tsv/fonts/Roboto-BlackItalic-4.html]
[thesoilswap.com/assets/tsv/fonts/Roboto-Bold.html]
[thesoilswap.com/assets/tsv/fonts/Roboto-Boldd41d.html]
[thesoilswap.com/assets/tsv/fonts/Roboto-Bold-2.html]
[thesoilswap.com/assets/tsv/fonts/Roboto-Bold-3.html]
[thesoilswap.com/assets/tsv/fonts/Roboto-Bold-4.html]
[thesoilswap.com/assets/tsv/fonts/Roboto-BoldItalic.html]
[thesoilswap.com/assets/tsv/fonts/Roboto-BoldItalicd41d.html]
[thesoilswap.com/assets/tsv/fonts/Roboto-BoldItalic-2.html]
[thesoilswap.com/assets/tsv/fonts/Roboto-BoldItalic-3.html]
[thesoilswap.com/assets/tsv/fonts/Roboto-BoldItalic-4.html]
[thesoilswap.com/assets/tsv/fonts/Roboto-LightItalic.html]
[thesoilswap.com/assets/tsv/fonts/Roboto-LightItalicd41d.html]
[thesoilswap.com/assets/tsv/fonts/Roboto-LightItalic-2.html]
[thesoilswap.com/assets/tsv/fonts/Roboto-LightItalic-3.html]
[thesoilswap.com/assets/tsv/fonts/Roboto-LightItalic-4.html]
[thesoilswap.com/assets/tsv/fonts/Roboto-Regular.html]
[thesoilswap.com/assets/tsv/fonts/Roboto-Regulard41d.html]
[thesoilswap.com/assets/tsv/fonts/Roboto-Regular-2.html]
[thesoilswap.com/assets/tsv/fonts/Roboto-Regular-3.html]
[thesoilswap.com/assets/tsv/fonts/Roboto-Regular-4.html]
[thesoilswap.com/assets/tsv/fonts/Roboto-ThinItalic.html]
[thesoilswap.com/assets/tsv/fonts/Roboto-ThinItalicd41d.html]
[thesoilswap.com/assets/tsv/fonts/Roboto-ThinItalic-2.html]
[thesoilswap.com/assets/tsv/fonts/Roboto-ThinItalic-3.html]
[thesoilswap.com/assets/tsv/fonts/Roboto-ThinItalic-4.html]
[thesoilswap.com/assets/tsv/fonts/Roboto-Black.html]
[thesoilswap.com/assets/tsv/fonts/Roboto-Blackd41d.html]
[thesoilswap.com/assets/tsv/fonts/Roboto-Black-2.html]
[thesoilswap.com/assets/tsv/fonts/Roboto-Black-3.html]
[thesoilswap.com/assets/tsv/fonts/Roboto-Black-4.html]
[thesoilswap.com/assets/tsv/fonts/Roboto-MediumItalic.html]
[thesoilswap.com/assets/tsv/fonts/Roboto-MediumItalicd41d.html]
[thesoilswap.com/assets/tsv/fonts/Roboto-MediumItalic-2.html]
[thesoilswap.com/assets/tsv/fonts/Roboto-MediumItalic-3.html]
[thesoilswap.com/assets/tsv/fonts/Roboto-MediumItalic-4.html]
[thesoilswap.com/assets/tsv/fonts/Roboto-Thin.html]
[thesoilswap.com/assets/tsv/fonts/Roboto-Thind41d.html]
[thesoilswap.com/assets/tsv/fonts/Roboto-Thin-2.html]
[thesoilswap.com/assets/tsv/fonts/Roboto-Thin-3.html]
[thesoilswap.com/assets/tsv/fonts/Roboto-Thin-4.html]
[thesoilswap.com/assets/tsv/fonts/Roboto-Light.html]
[thesoilswap.com/assets/tsv/fonts/Roboto-Lightd41d.html]
[thesoilswap.com/assets/tsv/fonts/Roboto-Light-2.html]
[thesoilswap.com/assets/tsv/fonts/Roboto-Light-3.html]
[thesoilswap.com/assets/tsv/fonts/Roboto-Light-4.html]
[thesoilswap.com/assets/tsv/fonts/Roboto-Italic.html]
[thesoilswap.com/assets/tsv/fonts/Roboto-Italicd41d.html]
[thesoilswap.com/assets/tsv/fonts/Roboto-Italic-2.html]
[thesoilswap.com/assets/tsv/fonts/Roboto-Italic-3.html]
[thesoilswap.com/assets/tsv/fonts/Roboto-Italic-4.html]
[thesoilswap.com/assets/tsv/fonts/Roboto-Medium.html]
[thesoilswap.com/assets/tsv/fonts/Roboto-Mediumd41d.html]
[thesoilswap.com/assets/tsv/fonts/Roboto-Medium-2.html]
[thesoilswap.com/assets/tsv/fonts/Roboto-Medium-3.html]
[thesoilswap.com/assets/tsv/fonts/Roboto-Medium-4.html]
[thesoilswap.com/assets/tsv/fonts/RockwellStd.html]
[thesoilswap.com/assets/tsv/fonts/RockwellStdd41d.html]
[thesoilswap.com/assets/tsv/fonts/RockwellStd-2.html]
[thesoilswap.com/assets/tsv/fonts/RockwellStd-3.html]
[thesoilswap.com/assets/tsv/fonts/RockwellStd-4.html]
[thesoilswap.com/assets/tsv/fonts/fontawesome-webfont3e6e.html]
[thesoilswap.com/assets/tsv/fonts/fontawesome-webfontd41d.html]
[thesoilswap.com/assets/tsv/fonts/fontawesome-webfont3e6e-2.html]
[thesoilswap.com/assets/tsv/fonts/fontawesome-webfont3e6e-3.html]
[thesoilswap.com/assets/tsv/fonts/fontawesome-webfont3e6e-4.html]
[thesoilswap.com/assets/tsv/fonts/fontawesome-webfont3e6e-5.html]
[cdnjs.cloudflare.com/ajax/libs/intl-tel-input/17.0.13/img/flags.png]
[cdnjs.cloudflare.com/ajax/libs/intl-tel-input/17.0.13/img/flags@2x.png]
